## real fills by book x source x House?: n, realized $, fees $, notional $ (lifetime | 24h)
  ('alpaca', 'dust', 'house')              n=   3 realized=   +0.00 fees=  0.00 notional=    0.00 | 24h n=3 realized=+0.00
  ('alpaca', 'venue', 'agent')             n=   2 realized=   -0.51 fees=  0.03 notional=   23.52 | 24h n=2 realized=-0.51
  ('kalshi', 'dust', 'house')              n=   6 realized=   +0.00 fees=  0.00 notional=    0.00 | 24h n=0 realized=+0.00
  ('kalshi', 'venue', 'agent')             n=  38 realized=   +0.00 fees=  1.11 notional=  232.84 | 24h n=23 realized=+0.00
  TOTAL real realized lifetime -0.51 (24h -0.51); fees 1.14
## per real agent: fills, realized, fees, first->last fill h, class, desk, rung, hours at rung>=2
  huang-6                fills=  7 realized=  +0.00 fees= 0.92 span_h=  9.5 house-mutation kalshi-crypto-15m      r2 h_at_r2=11.2
  house                  fills=  9 realized=  +0.00 fees= 0.00 span_h= 43.7 ?              None                   rNone h_at_r2=None
  mullins-2              fills= 16 realized=  +0.00 fees= 0.00 span_h= 39.5 seed           kalshi-weather         r2 h_at_r2=41.8
  mullins-6              fills=  7 realized=  +0.00 fees= 0.00 span_h=  7.9 house-mutation kalshi-weather         r2 h_at_r2=16.4
  hawkins-19             fills=  3 realized=  +0.00 fees= 0.00 span_h=  7.5 house-mutation kalshi-prices          r2 h_at_r2=14.8
  huang-h51fdd3-2        fills=  1 realized=  +0.00 fees= 0.00 span_h=  0.0 house-mutation kalshi-crypto-15m      r2 h_at_r2=4.3
  meriwether-h2d625d     fills=  3 realized=  +0.00 fees= 0.13 span_h=  1.0 foundry        kalshi-sports          r2 h_at_r2=11.6
  huang-h427345          fills=  1 realized=  +0.00 fees= 0.07 span_h=  0.0 foundry        kalshi-crypto-15m      r2 h_at_r2=2.9
  haghani-37             fills=  2 realized=  -0.51 fees= 0.03 span_h=  2.9 house-revival  alpaca-crypto-alts     r2 h_at_r2=8.4
  agents ever at rung>=2: 9; real agent-hours (rung>=2, lifetime) = 123.4 h
  real realized per real agent-hour: $-0.0041/h
## book.stake real_money=true: rows, sum, latest per agent
  huang-6                n=3 latest=('2026-09-22T02:03:19.148Z', -54.7117, 'account closed')
  mullins-2              n=5 latest=('2026-09-23T14:35:55.152Z', -10.0, 'allocator: bunt stake toward $10')
  mullins-6              n=4 latest=('2026-09-23T14:35:55.154Z', -20.0, 'allocator: bunt stake toward $10')
  meriwether-35          n=2 latest=('2026-09-23T01:38:59.006Z', -60.0, 'account closed')
  hawkins-19             n=5 latest=('2026-09-23T11:07:15.014Z', -28.95, 'allocator: bunt stake toward $10')
  meriwether-h2d625d     n=3 latest=('2026-09-23T12:50:25.303Z', 10.0, 'rung 2 stake')
  haghani-37             n=4 latest=('2026-09-23T15:02:48.948Z', -24.49498039, 'account closed')
  huang-h51fdd3-2        n=2 latest=('2026-09-23T12:21:28.182Z', 1.52, 'allocator: bunt stake toward $10')
  huang-h427345          n=2 latest=('2026-09-23T15:02:50.378Z', -7.454, 'account closed')
## floor.mark latest: real account equity and venues
   2026-09-23T16:22:27.628Z {'account_cash': '931.6668', 'account_equity': '1014.2583', 'as_of': '2026-09-23T16:22:27.628Z', 'real_account_equity': '1014.9968', 'venues': "[{'as_of': '2026-09-23T16:22:27.495Z', 'cash': '499.4900', 'equity': '499.5000', 'venue': 'alpaca'}, {'as_of': '2026-09-23T16:22:27.628Z', 'cash': '432.1768', 'equity': '515.4968', 'venue': 'kalshi'}]"}
  24h ago 2026-09-22T16:27:46.214Z {'account_equity': '1013.5533', 'real_account_equity': '1014.0533'}
## practice realized (agents only, excl. House dust/closing) by book, 24h and lifetime
  alpaca-paper: agents lifetime n=504 realized=-99.16 fees=15.77 | 24h n=367 realized=-102.75 | House (dust/closing) n=420 realized=-13.77
  kalshi-shadow: agents lifetime n=566 realized=+0.00 fees=34.03 | 24h n=224 realized=+0.00 | House (dust/closing) n=0 realized=+0.00
