replay passes on record: 174; with >=1 active practice block after the pass: 81; with >=6: 20
>= 1 active blocks: n 81, practice positive 32 (40%), mean practice log -0.0340, Spearman(oos, practice) +0.177, Spearman(sharpe, practice) +0.198, Spearman(deflated, practice) +0.028
   sign table: {('replay+', 'prac-'): 34, ('replay+', 'prac+'): 27, ('replay-', 'prac-'): 15, ('replay-', 'prac+'): 5}
   top replay quartile (n 20): mean practice -0.0355, positive 12; bottom quartile: mean -0.0149, positive 5
>= 3 active blocks: n 31, practice positive 2 (6%), mean practice log -0.0712, Spearman(oos, practice) -0.377, Spearman(sharpe, practice) -0.403, Spearman(deflated, practice) -0.540
   sign table: {('replay+', 'prac-'): 15, ('replay+', 'prac+'): 2, ('replay-', 'prac-'): 14}
   top replay quartile (n 7): mean practice -0.0984, positive 1; bottom quartile: mean -0.0321, positive 0
>= 6 active blocks: n 20, practice positive 0 (0%), mean practice log -0.1024, Spearman(oos, practice) -0.678, Spearman(sharpe, practice) -0.456, Spearman(deflated, practice) -0.624
   sign table: {('replay+', 'prac-'): 12, ('replay-', 'prac-'): 8}
   top replay quartile (n 5): mean practice -0.1545, positive 0; bottom quartile: mean -0.0312, positive 0
>= 10 active blocks: n 13, practice positive 0 (0%), mean practice log -0.0650, Spearman(oos, practice) -0.495, Spearman(sharpe, practice) -0.555, Spearman(deflated, practice) -0.511
   sign table: {('replay+', 'prac-'): 6, ('replay-', 'prac-'): 7}
   top replay quartile (n 3): mean practice -0.1624, positive 0; bottom quartile: mean -0.0267, positive 0

by desk (>=3 active blocks): desk | n | practice positive | mean practice log | mean replay oos | Spearman
alpaca-crypto-alts | 13 | 0 | -0.0241 | -0.00021 | +0.445
kalshi-crypto-15m | 11 | 1 | -0.1139 | +0.00281 | -0.018
alpaca-crypto-majors | 3 | 0 | -0.0113 | -0.00008 | +0.500
kalshi-weather | 1 | 1 | +0.0354 | +0.00449 | +nan
kalshi-prices | 1 | 0 | -0.0753 | +0.00196 | +nan
alpaca-index-etfs | 1 | 0 | -0.0015 | +0.00017 | +nan
kalshi-crypto-strikes | 1 | 0 | -0.5659 | +0.00054 | +nan

by family (>=2 agents with >=3 active blocks): family | desk | agents | practice positive | sum practice log | mean replay oos
crypto-15m-favorites | kalshi-crypto-15m | 4 | 0 | -0.6263 | +0.00142 | agents ['huang', 'huang-3', 'huang-4', 'huang-5']
crypto-alts-reversion | alpaca-crypto-alts | 11 | 0 | -0.2545 | -0.00022 | agents ['haghani-37', 'haghani-43', 'haghani-39', 'haghani-44', 'haghani-46', 'haghani-50']
crypto-15m-doge-flat-spot-no | kalshi-crypto-15m | 2 | 1 | -0.1618 | +0.00159 | agents ['huang-h51fdd3', 'huang-h51fdd3-2']
crypto-15m-eth-prior-window-fad | kalshi-crypto-15m | 2 | 0 | -0.1441 | +0.00139 | agents ['huang-h6d3302', 'huang-h6d3302-2']
families with >=2 forward-tested replay passes: 4, negative forward: 4

ETH-fade-like families (name contains eth/fade/window):
  crypto-15m-prior-window-fade | kalshi-crypto-15m | agents 1 | sum practice log -0.0589 | replay oos mean +0.00551
  crypto-15m-eth-prior-window-fad | kalshi-crypto-15m | agents 2 | sum practice log -0.1441 | replay oos mean +0.00139
  crypto-15m-prior-window-reset | kalshi-crypto-15m | agents 1 | sum practice log -0.2044 | replay oos mean +0.01271
