
==========================================================================================
alpaca-paper 2026-09-23T06:30..2026-09-23T16:00
closed trades/settlements: 126  net realized $-94.05  of which House-held/exited $-3.77 (10 rows)  agents' own $-90.28
fills in window: 261, notional filled $7,418, venue fees $7.16, practice haircut (10 bps/side, allocator only) $7.42
taker slippage vs reference: n=261, $-0.73 adverse, median +0.0 bps, mean -5.6 bps
signal at the touch (net + fees) $-86.89; costs: fees $7.16 (8% of |net|), haircut $7.42 (extra, in W only), slippage $-0.73
sizing: largest 10% positions (n=12, notional >= $41) P&L $-8.53 = 9% of net; median entry notional $20.24, p90 $40.30
win rate 46/126; gross wins $+11.46, gross losses $-105.51; avg win $+0.180 med, avg loss med $-0.651
worst 8 agents: [('krasker-10', -15.0, 1, 'alpaca-options', 'alive'), ('krasker-6', -12.0, 3, 'alpaca-options', 'alive'), ('haghani-51', -6.64, 7, 'alpaca-crypto-alts', 'alive'), ('haghani-53', -6.48, 8, 'alpaca-crypto-alts', 'alive'), ('haghani-52', -6.41, 12, 'alpaca-crypto-alts', 'alive'), ('haghani-55', -6.39, 4, 'alpaca-crypto-alts', 'alive'), ('haghani-44', -6.38, 8, 'alpaca-crypto-alts', 'dead'), ('haghani-h426990', -6.32, 3, 'alpaca-crypto-alts', 'alive')]
best 5 agents: [('haghani-56', 1.72, 5, 'alpaca-crypto-alts'), ('krasker-7', 1.0, 1, 'alpaca-options'), ('mcentee-hddb4ae', 0.22, 1, 'alpaca-megacaps'), ('mcentee-h6bd08d-2', 0.22, 1, 'alpaca-megacaps'), ('mcentee-h4054c4', 0.15, 9, 'alpaca-megacaps')]
by asset class: {'crypto': -55.07, 'option': -38.0, 'equity': -0.98}
worst symbols: [('DOGE-USD', -19.18), ('INTC', -15.0), ('LINK-USD', -13.74), ('XRP-USD', -11.16), ('RIVN', -10.0), ('T', -9.0), ('BTC-USD', -5.27), ('F', -4.0)]
House-exit rows: [('haghani-37', 'DOGE-USD', -0.31, '08:06'), ('krasker-9', 'T', -3.0, '13:30'), ('scholes-22', 'SPY', -0.03, '13:30'), ('scholes-22', 'QQQ', -0.0, '13:30'), ('scholes-22', 'IWM', -0.08, '13:30'), ('scholes-22', 'DIA', -0.06, '13:30'), ('scholes-23', 'SPY', -0.05, '13:30'), ('scholes-23', 'QQQ', -0.03, '13:30'), ('scholes-23', 'IWM', -0.13, '13:30'), ('scholes-23', 'DIA', -0.09, '13:30')]

==========================================================================================
kalshi-shadow 2026-09-23T06:30..2026-09-23T16:00
closed trades/settlements: 65  net realized $-213.24  of which House-held/exited $+1.35 (2 rows)  agents' own $-214.59
fills in window: 98, notional filled $1,106, venue fees $11.64, practice haircut (10 bps/side, allocator only) $0.00
taker slippage vs reference: n=51, $+5.12 adverse, median +0.0 bps, mean +14.0 bps
signal at the touch (net + fees) $-201.60; costs: fees $11.64 (5% of |net|), haircut $0.00 (extra, in W only), slippage $+5.12
sizing: largest 10% positions (n=6, notional >= $25) P&L $-154.46 = 72% of net; median entry notional $9.55, p90 $23.44
win rate 36/65; gross wins $+190.24, gross losses $-403.48; avg win $+2.125 med, avg loss med $-9.077
worst 8 agents: [('hilibrand-h6ca596', -60.37, 3, 'kalshi-crypto-strikes', 'alive'), ('hilibrand-hc4567e', -53.31, 7, 'kalshi-crypto-strikes', 'dead'), ('huang-h427345', -25.21, 7, 'kalshi-crypto-15m', 'alive'), ('huang-h4ee182', -21.6, 1, 'kalshi-crypto-15m', 'alive'), ('huang-h6d3302-2', -16.06, 6, 'kalshi-crypto-15m', 'alive'), ('huang-h6d3302', -13.79, 12, 'kalshi-crypto-15m', 'dead'), ('huang-h51fdd3', -13.14, 2, 'kalshi-crypto-15m', 'dead'), ('huang-h609d6f', -11.43, 2, 'kalshi-crypto-15m', 'alive')]
best 5 agents: [('huang-h51fdd3-2', 10.4, 4, 'kalshi-crypto-15m'), ('meriwether-39', 3.1, 3, 'kalshi-sports'), ('mullins-13', 2.5, 4, 'kalshi-weather'), ('mullins-6', 1.8, 3, 'kalshi-weather'), ('huang-hd8ff7c', 0.94, 1, 'kalshi-crypto-15m')]
by asset class: {'event': -213.24}
worst symbols: [('KXBTCD-26SEP23', -90.57), ('KXBTC-26SEP230', -59.85), ('KXETH15M-26SEP', -44.42), ('KXBTC15M-26SEP', -24.27), ('KXHYPE15M-26SE', -21.6), ('KXDOGE15M-26SE', -20.84), ('KXRAIN-26SEP22', -3.6), ('KXLOLGAME-26SE', 0.75)]
House-exit rows: [('meriwether-17', 'KXLOLGAME-26', 0.75, '08:31'), ('mullins-11', 'KXHIGHMIA-26', 0.6, '14:07')]
