
==========================================================================================
since allocator (09-23 08:28Z): buy orders on practice books, size as a share of the $200 purse
book | desk | agents | orders | median $ | median % | p90 $ | p90 % | max $
alpaca-paper | alpaca-crypto-alts | 12 | 92 | 25.00 | 12.5% | 40.00 | 20.0% | 61.09
alpaca-paper | alpaca-crypto-majors | 5 | 10 | 25.00 | 12.5% | 51.17 | 25.6% | 58.93
alpaca-paper | alpaca-index-etfs | 3 | 3 | 20.00 | 10.0% | 74.99 | 37.5% | 74.99
alpaca-paper | alpaca-megacaps | 6 | 22 | 15.00 | 7.5% | 50.01 | 25.0% | 65.02
alpaca-paper | alpaca-options | 6 | 12 | 24.00 | 12.0% | 44.00 | 22.0% | 74.00
kalshi-shadow | kalshi-crypto-15m | 9 | 84 | 11.60 | 5.8% | 23.81 | 11.9% | 24.40
kalshi-shadow | kalshi-crypto-strikes | 1 | 17 | 18.06 | 9.0% | 33.12 | 16.6% | 48.60
kalshi-shadow | kalshi-prices | 7 | 54 | 9.70 | 4.8% | 9.90 | 5.0% | 10.45
kalshi-shadow | kalshi-sports | 6 | 26 | 9.29 | 4.6% | 9.90 | 5.0% | 11.40
kalshi-shadow | kalshi-sports-props | 4 | 45 | 9.46 | 4.7% | 9.57 | 4.8% | 9.90
kalshi-shadow | kalshi-weather | 6 | 51 | 9.50 | 4.8% | 9.70 | 4.8% | 9.90
kalshi-shadow all: n 277 median $9.60 (4.8%) p90 $22.20
alpaca-paper all: n 139 median $25.00 (12.5%) p90 $40.00

==========================================================================================
since 09-22 13:30Z: buy orders on practice books, size as a share of the $200 purse
book | desk | agents | orders | median $ | median % | p90 $ | p90 % | max $
alpaca-paper | alpaca-crypto-alts | 21 | 241 | 39.87 | 19.9% | 40.00 | 20.0% | 61.09
alpaca-paper | alpaca-crypto-majors | 5 | 13 | 25.00 | 12.5% | 75.00 | 37.5% | 75.00
alpaca-paper | alpaca-index-etfs | 8 | 20 | 20.00 | 10.0% | 36.00 | 18.0% | 74.99
alpaca-paper | alpaca-megacaps | 6 | 22 | 15.00 | 7.5% | 50.01 | 25.0% | 65.02
alpaca-paper | alpaca-options | 9 | 19 | 17.00 | 8.5% | 42.00 | 21.0% | 74.00
kalshi-shadow | kalshi-crypto-15m | 9 | 127 | 11.46 | 5.7% | 23.64 | 11.8% | 24.40
kalshi-shadow | kalshi-crypto-strikes | 2 | 22 | 18.63 | 9.3% | 42.18 | 21.1% | 48.60
kalshi-shadow | kalshi-prices | 11 | 105 | 9.60 | 4.8% | 9.90 | 5.0% | 10.45
kalshi-shadow | kalshi-sports | 19 | 178 | 9.70 | 4.8% | 11.60 | 5.8% | 13.40
kalshi-shadow | kalshi-sports-props | 7 | 136 | 9.57 | 4.8% | 9.79 | 4.9% | 9.90
kalshi-shadow | kalshi-weather | 11 | 116 | 9.60 | 4.8% | 9.70 | 4.8% | 9.90
kalshi-shadow all: n 684 median $9.60 (4.8%) p90 $12.40
alpaca-paper all: n 315 median $37.89 (18.9%) p90 $40.00

==========================================================================================
closed-trade returns as a share of the purse (lifetime, practice): agent | desk | n | median $ | median % of purse | W(1x) | W(3x) | E(1x) | E(3x) | board Wp
huang-h51fdd3-2 | kalshi-crypto-15m | 4 | +4.80 | +2.400% | 1.0510 | 1.1460 | 1.0252 | 1.0705 | 1.052
haghani | alpaca-crypto-alts | 63 | +0.20 | +0.098% | 1.0508 | 1.1590 | 1.0251 | 1.0766 | None
mullins-2 | kalshi-weather | 11 | +0.70 | +0.350% | 1.0350 | 1.1084 | 1.0174 | 1.0528 | 1.0345
mullins-6 | kalshi-weather | 11 | +0.40 | +0.200% | 1.0289 | 1.0888 | 1.0143 | 1.0435 | 1.0285
meriwether-h2d625d | kalshi-sports | 7 | +7.83 | +3.916% | 1.0280 | 1.0330 | 1.0139 | 1.0163 | 1.026864
meriwether-25 | kalshi-sports | 7 | +0.40 | +0.200% | 1.0166 | 1.0504 | 1.0083 | 1.0249 | None
hawkins-2 | kalshi-prices | 5 | +0.60 | +0.300% | 1.0151 | 1.0458 | 1.0075 | 1.0226 | None
hawkins-3 | kalshi-prices | 5 | +0.50 | +0.250% | 1.0136 | 1.0411 | 1.0068 | 1.0204 | None
mullins-13 | kalshi-weather | 4 | +0.65 | +0.325% | 1.0126 | 1.0380 | 1.0063 | 1.0188 | 1.0125
meriwether-27 | kalshi-sports | 4 | +0.57 | +0.283% | 1.0123 | 1.0373 | 1.0061 | 1.0185 | None
meriwether-34 | kalshi-sports | 4 | +0.57 | +0.283% | 1.0123 | 1.0373 | 1.0061 | 1.0185 | None
meriwether-35 | kalshi-sports | 4 | +0.57 | +0.283% | 1.0123 | 1.0373 | 1.0061 | 1.0185 | None
...
huang-5 | kalshi-crypto-15m | 11 | +0.42 | +0.210% | 0.8426 | 0.5801 | 0.9180 | 0.7617 | None
huang-7 | kalshi-crypto-15m | 11 | -8.97 | -4.483% | 0.8326 | 0.5228 | 0.9125 | 0.7230 | None
huang-h51fdd3 | kalshi-crypto-15m | 6 | -5.99 | -2.993% | 0.8230 | 0.5454 | 0.9072 | 0.7385 | None
huang-4 | kalshi-crypto-15m | 52 | +0.83 | +0.415% | 0.7834 | 0.4460 | 0.8851 | 0.6678 | None
hilibrand-h6ca596 | kalshi-crypto-strikes | 3 | -15.77 | -7.885% | 0.7163 | 0.2566 | 0.8463 | 0.5066 | 0.69815
hilibrand-hc4567e | kalshi-crypto-strikes | 9 | -7.02 | -3.510% | 0.5804 | 0.0983 | 0.7618 | 0.3135 | None

agents with >=3 closed trades: 64; W(1x)>1: 19; E(1x)>=1.01: 5; E(3x)>=1.01: 17; E(3x)<0.9: 17

median |return| per closed trade as % of purse, by desk (lifetime practice):
  kalshi-crypto-15m: n 179, median |r| 0.660%, mean r -0.748%, win 120/179
  alpaca-crypto-alts: n 163, median |r| 0.180%, mean r -0.132%, win 96/163
  kalshi-crypto-strikes: n 91, median |r| 0.350%, mean r -1.023%, win 75/91
  kalshi-sports: n 84, median |r| 0.515%, mean r -0.418%, win 65/84
  kalshi-weather: n 60, median |r| 0.300%, mean r -0.119%, win 55/60
  kalshi-prices: n 39, median |r| 0.300%, mean r -0.518%, win 33/39
  alpaca-megacaps: n 21, median |r| 0.017%, mean r +0.012%, win 11/21
  alpaca-index-etfs: n 19, median |r| 0.036%, mean r -0.044%, win 0/19
  alpaca-options: n 16, median |r| 2.250%, mean r -2.000%, win 3/16
  alpaca-crypto-majors: n 8, median |r| 0.237%, mean r -0.378%, win 2/8
  kalshi-sports-props: n 6, median |r| 2.400%, mean r -2.215%, win 3/6
  kalshi-attention: n 1, median |r| 0.550%, mean r +0.550%, win 1/1
